
Hexadecimal

Area                               Addr   Size   Decimal Bytes (Attributes)
--------------------------------   ----   ----   ------- ----- ------------
.  .ABS.                           0000   0000 =      0. bytes (ABS,CON)

      Value  Global
   --------  --------------------------------
     0000    l_BIT_BANK
     0000    l_GSINIT1
     0000    l_GSINIT5
     0000    l_ISEG
     0000    l_PSEG
     0000    l_REG_BANK_1
     0000    l_REG_BANK_2
     0000    l_REG_BANK_3
     0000    l_RSEG
     0000    l__CODE
     0000    s_BSEG
     0000    s_DSEG
     0000    s_HOME
     0000    s_PSEG
     0000    s_REG_BANK_0
     0000    s__CODE
     0002    l_BSEG_BYTES
     0003    l_GSFINAL
     0003    l_GSINIT0
     0008    l_OSEG
     0008    l_REG_BANK_0
     0008    s_REG_BANK_1
     000A    l_GSINIT2
     000B    l_BSEG
     000E    l_XINIT
     000E    l_XISEG
     0010    s_REG_BANK_2
     0018    s_REG_BANK_3
     0020    s_BSEG_BYTES
     0022    l_GSINIT3
     0022    s_BIT_BANK
     0027    s_OSEG
     002A    l_GSINIT4
     002F    s_RSEG
     002F    s_SSEG
     0036    l_HOME
     0036    s_GSINIT0
     0039    s_GSINIT1
     0039    s_GSINIT2
     0041    l_GSINIT
     0043    s_GSINIT3
     0065    s_GSINIT4
     007E    l_DSEG
     0080    _P0
     0080    _P0_0
     0080    s_ISEG
     0081    _P0_1
     0081    _SP
     0082    _DP0L
     0082    _DPL
     0082    _P0_2
     0083    _DP0H
     0083    _DPH
     0083    _P0_3
     0084    _P0_4
     0085    _P0_5
     0086    _P0_6
     0087    _P0_7
     0087    _PCON
     0088    _IT0
     0088    _TCON
     0089    _IE0
     0089    _TMOD
     008A    _IT1
     008A    _TL0
     008B    _IE1
     008B    _TL1
     008C    _TH0
     008C    _TR0
     008D    _TF0
     008D    _TH1
     008E    _AUXR
     008E    _TR1
     008F    _CKCKON0
     008F    _CKCKON1
     008F    _TF1
     008F    s_GSINIT
     008F    s_GSINIT5
     0090    _P1
     0090    _P1_0
     0091    _P1_1
     0092    _P1_2
     0093    _P1_3
     0094    _P1_4
     0095    _P1_5
     0096    _P1_6
     0096    _RS
     0097    _CKRL
     0097    _P1_7
     0097    _RW
     0098    _RI
     0098    _SCON
     0099    _SBUF
     0099    _SBUF0
     0099    _TI
     009A    _BRL
     009A    _RB8
     009B    _BDRCON
     009B    _TB8
     009C    _KBLS
     009C    _REN
     009D    _KBE
     009D    _SM2
     009E    _KBF
     009E    _SM1
     009F    _SM0
     00A0    _P2
     00A0    _P2_0
     00A0    __XPAGE
     00A1    _P2_1
     00A2    _AUXR1
     00A2    _P2_2
     00A3    _P2_3
     00A4    _P2_4
     00A5    _P2_5
     00A6    _P2_6
     00A6    _WDTRST
     00A7    _P2_7
     00A7    _WDTPRG
     00A8    _EX0
     00A8    _IE
     00A8    _IEN0
     00A9    _ET0
     00A9    _SADDR
     00AA    _EX1
     00AB    _ET1
     00AC    _ES
     00AD    _ET2
     00AE    _EC
     00AF    _EA
     00B0    _P3
     00B0    _P3_0
     00B0    _RXD
     00B0    _RXD0
     00B1    _IEN1
     00B1    _P3_1
     00B1    _TXD
     00B1    _TXD0
     00B2    _INT0
     00B2    _IPL1
     00B2    _P3_2
     00B3    _INT1
     00B3    _IPH1
     00B3    _P3_3
     00B4    _P3_4
     00B4    _T0
     00B5    _P3_5
     00B5    _T1
     00B6    _P3_6
     00B6    _WR
     00B7    _IPH0
     00B7    _P3_7
     00B7    _RD
     00B8    _IP
     00B8    _IPL0
     00B8    _PX0
     00B8    _PX0L
     00B9    _PT0
     00B9    _PT0L
     00B9    _SADEN
     00BA    _PX1
     00BA    _PX1L
     00BB    _PT1
     00BB    _PT1L
     00BC    _PLS
     00BC    _PS
     00BD    _PT2
     00BD    _PT2L
     00BE    _PPCL
     00C0    _P4
     00C0    _P4_0
     00C1    _P4_1
     00C2    _P4_2
     00C3    _P4_3
     00C3    _SPCON
     00C4    _P4_4
     00C4    _SPSTA
     00C5    _P4_5
     00C5    _SPDAT
     00C6    _P4_6
     00C7    _P4_7
     00C8    _CP_RL2
     00C8    _T2CON
     00C8    _T2CON_0
     00C9    _C_T2
     00C9    _T2CON_1
     00C9    _T2MOD
     00CA    _RCAP2L
     00CA    _T2CON_2
     00CA    _TR2
     00CB    _EXEN2
     00CB    _RCAP2H
     00CB    _T2CON_3
     00CC    _T2CON_4
     00CC    _TCLK
     00CC    _TL2
     00CD    _RCLK
     00CD    _T2CON_5
     00CD    _TH2
     00CE    _EXF2
     00CE    _T2CON_6
     00CF    _T2CON_7
     00CF    _TF2
     00D0    _P
     00D0    _PSW
     00D0    s_GSFINAL
     00D1    _F1
     00D1    l_SSEG
     00D2    _EECON
     00D2    _OV
     00D3    _RS0
     00D3    s_CSEG
     00D4    _RS1
     00D5    _F0
     00D6    _AC
     00D7    _CY
     00D8    _CCF0
     00D8    _CCON
     00D8    _P5
     00D8    _P5_0
     00D9    _CCF1
     00D9    _CMOD
     00D9    _P5_1
     00DA    _CCAPM0
     00DA    _CCF2
     00DA    _P5_2
     00DB    _CCAPM1
     00DB    _CCF3
     00DB    _P5_3
     00DC    _CCAPM2
     00DC    _CCF4
     00DC    _P5_4
     00DD    _CCAPM3
     00DD    _P5_5
     00DE    _CCAPM4
     00DE    _CR
     00DE    _P5_6
     00DF    _CF
     00DF    _P5_7
     00E0    _ACC
     00E9    _CL
     00EA    _CCAP0L
     00EB    _CCAP1L
     00EC    _CCAP2L
     00ED    _CCAP3L
     00EE    _CCAP4L
     00F0    _B
     00F0    _BREG_F0
     00F1    _BREG_F1
     00F2    _BREG_F2
     00F3    _BREG_F3
     00F4    _BREG_F4
     00F5    _BREG_F5
     00F5    _B_5
     00F6    _BREG_F6
     00F6    _B_6
     00F7    _BREG_F7
     00F7    _B_7
     00F9    _CH
     00FA    _CCAP0H
     00FB    _CCAP1H
     00FC    _CCAP2H
     00FD    _CCAP3H
     00FE    _CCAP4H
     0100    l_IRAM
     010F    l_XSEG
     0400    s_XSEG
     050F    s_XISEG
     17EF    l_CONST
     3C26    l_CSEG
     3CF9    s_CONST
     54E8    s_XINIT

Hexadecimal

Area                               Addr   Size   Decimal Bytes (Attributes)
--------------------------------   ----   ----   ------- ----- ------------
_CODE                              0000   0000 =      0. bytes (REL,CON)

Hexadecimal

Area                               Addr   Size   Decimal Bytes (Attributes)
--------------------------------   ----   ----   ------- ----- ------------
REG_BANK_0                         0000   0008 =      8. bytes (REL,OVR)

Hexadecimal

Area                               Addr   Size   Decimal Bytes (Attributes)
--------------------------------   ----   ----   ------- ----- ------------
REG_BANK_1                         0008   0000 =      0. bytes (REL,OVR)

Hexadecimal

Area                               Addr   Size   Decimal Bytes (Attributes)
--------------------------------   ----   ----   ------- ----- ------------
REG_BANK_2                         0010   0000 =      0. bytes (REL,OVR)

Hexadecimal

Area                               Addr   Size   Decimal Bytes (Attributes)
--------------------------------   ----   ----   ------- ----- ------------
REG_BANK_3                         0018   0000 =      0. bytes (REL,OVR)

Hexadecimal

Area                               Addr   Size   Decimal Bits  (Attributes)
--------------------------------   ----   ----   ------- ----- ------------
BSEG                               0000   000B =     11. bits  (REL,CON,BIT)

Hexadecimal

Area                               Addr   Size   Decimal Bytes (Attributes)
--------------------------------   ----   ----   ------- ----- ------------
BSEG_BYTES                         0020   0002 =      2. bytes (REL,CON)

Hexadecimal

Area                               Addr   Size   Decimal Bytes (Attributes)
--------------------------------   ----   ----   ------- ----- ------------
BIT_BANK                           0022   0000 =      0. bytes (REL,OVR)

Hexadecimal

Area                               Addr   Size   Decimal Bytes (Attributes)
--------------------------------   ----   ----   ------- ----- ------------
DSEG                               0000   007E =    126. bytes (REL,CON)

      Value  Global
   --------  --------------------------------
     001D    _bp

Hexadecimal

Area                               Addr   Size   Decimal Bytes (Attributes)
--------------------------------   ----   ----   ------- ----- ------------
OSEG                               0027   0008 =      8. bytes (REL,OVR)

      Value  Global
   --------  --------------------------------
     0027    _atoiHex_sloc0_1_0
     002A    _atoiHex_sloc1_1_0
     002B    _atoiHex_sloc2_1_0
     002D    _atoiHex_sloc3_1_0

Hexadecimal

Area                               Addr   Size   Decimal Bytes (Attributes)
--------------------------------   ----   ----   ------- ----- ------------
ISEG                               0080   0000 =      0. bytes (REL,CON)

Hexadecimal

Area                               Addr   Size   Decimal Bytes (Attributes)
--------------------------------   ----   ----   ------- ----- ------------
SSEG                               002F   00D1 =    209. bytes (REL,OVR)

      Value  Global
   --------  --------------------------------
     002F    __start__stack

Hexadecimal

Area                               Addr   Size   Decimal Bytes (Attributes)
--------------------------------   ----   ----   ------- ----- ------------
RSEG                               002F   0000 =      0. bytes (REL,CON)

Hexadecimal

Area                               Addr   Size   Decimal Bytes (Attributes)
--------------------------------   ----   ----   ------- ----- ------------
PSEG                               0000   0000 =      0. bytes (REL,CON,PAG,XDATA)

Hexadecimal

Area                               Addr   Size   Decimal Bytes (Attributes)
--------------------------------   ----   ----   ------- ----- ------------
XSEG                               0400   010F =    271. bytes (REL,CON,XDATA)

      Value  Global
   --------  --------------------------------
  0D:0408    _eebyteWrite_PARM_2
  0D:040E    _eePageRead_PARM_2
  0D:0412    _CounterCondition
  0D:041E    _watchdogFlag
  0D:041F    _RESET
  0D:0421    _whichAlarm
  0D:043A    _displayCustomChar_PARM_2
  0D:047D    _dataout_PARM_2
  0D:0485    _lcdputstr_PARM_2
  0D:0487    _lcdputstr_PARM_3
  0D:048E    _lcdgotoxy_PARM_2
  0D:0496    _ramDump_PARM_2
  0D:0497    _ramDump_PARM_3
  0D:0499    _BcdData
  0D:049A    _ClockStopFlag
  0D:04AF    _itostr_PARM_2
  0D:04C8    _eepromGotoxy_PARM_2
  0D:04CB    __gptrput_PARM_2
  0D:04CC    __mulint_PARM_2
  0D:04CE    __modsint_PARM_2
  0D:04D2    __moduint_PARM_2
  0D:04D7    __divsint_PARM_2
  0D:04DB    __divuint_PARM_2
  0D:04E1    _vprintf_PARM_2
  0D:04F5    __print_format_PARM_2
  0D:04F8    __print_format_PARM_3
  0D:04FB    __print_format_PARM_4

Hexadecimal

Area                               Addr   Size   Decimal Bytes (Attributes)
--------------------------------   ----   ----   ------- ----- ------------
XISEG                              050F   000E =     14. bytes (REL,CON,XDATA)

      Value  Global
   --------  --------------------------------
  0D:050F    _loop
  0D:0511    _ENABLE_ALARM
  0D:0513    _EN1
  0D:0514    _EN2
  0D:0515    _EN3
  0D:0516    _DS1
  0D:0517    _DS2
  0D:0518    _DS3
  0D:0519    _hello
  0D:051B    _ClockAlarmSum

Hexadecimal

Area                               Addr   Size   Decimal Bytes (Attributes)
--------------------------------   ----   ----   ------- ----- ------------
HOME                               0000   0036 =     54. bytes (REL,CON,CODE)

Hexadecimal

Area                               Addr   Size   Decimal Bytes (Attributes)
--------------------------------   ----   ----   ------- ----- ------------
GSINIT0                            0036   0003 =      3. bytes (REL,CON,CODE)

      Value  Global
   --------  --------------------------------
  0C:0036    __sdcc_gsinit_startup

Hexadecimal

Area                               Addr   Size   Decimal Bytes (Attributes)
--------------------------------   ----   ----   ------- ----- ------------
GSINIT1                            0039   0000 =      0. bytes (REL,CON,CODE)

Hexadecimal

Area                               Addr   Size   Decimal Bytes (Attributes)
--------------------------------   ----   ----   ------- ----- ------------
GSINIT2                            0039   000A =     10. bytes (REL,CON,CODE)

Hexadecimal

Area                               Addr   Size   Decimal Bytes (Attributes)
--------------------------------   ----   ----   ------- ----- ------------
GSINIT3                            0043   0022 =     34. bytes (REL,CON,CODE)

      Value  Global
   --------  --------------------------------
  0C:0043    __mcs51_genXINIT

Hexadecimal

Area                               Addr   Size   Decimal Bytes (Attributes)
--------------------------------   ----   ----   ------- ----- ------------
GSINIT4                            0065   002A =     42. bytes (REL,CON,CODE)

      Value  Global
   --------  --------------------------------
  0C:0065    __mcs51_genRAMCLEAR
  0C:006B    __mcs51_genXRAMCLEAR

Hexadecimal

Area                               Addr   Size   Decimal Bytes (Attributes)
--------------------------------   ----   ----   ------- ----- ------------
GSINIT5                            008F   0000 =      0. bytes (REL,CON,CODE)

Hexadecimal

Area                               Addr   Size   Decimal Bytes (Attributes)
--------------------------------   ----   ----   ------- ----- ------------
GSINIT                             008F   0041 =     65. bytes (REL,CON,CODE)

Hexadecimal

Area                               Addr   Size   Decimal Bytes (Attributes)
--------------------------------   ----   ----   ------- ----- ------------
GSFINAL                            00D0   0003 =      3. bytes (REL,CON,CODE)

Hexadecimal

Area                               Addr   Size   Decimal Bytes (Attributes)
--------------------------------   ----   ----   ------- ----- ------------
CSEG                               00D3   3C26 =  15398. bytes (REL,CON,CODE)

      Value  Global
   --------  --------------------------------
  0C:00D3    _delay_us
  0C:0106    _delay_ms
  0C:0147    _delay_s
  0C:0188    _I2CSendreset
  0C:0199    _eepromreset
  0C:01AB    _I2CInit
  0C:01B0    _I2CStart
  0C:01B5    _I2CRestart
  0C:01BE    _I2CStop
  0C:01C7    _I2CAck
  0C:01D0    _I2CNak
  0C:01D9    _I2CSend
  0C:0214    _I2CRead
  0C:0249    _eebyteWrite
  0C:02B3    _eebyteRead
  0C:0335    _eePageRead
  0C:048A    _eepageWrite
  0C:04C5    _InitializeExpander
  0C:0538    _ioExpanderWrite
  0C:0560    _ioExpanderRead
  0C:0580    _welcomeIoExpander
  0C:05C8    _mianIoExpander
  0C:0734    _Timer0_setup
  0C:0743    _update_LCD_init
  0C:0779    _update_LCD1
  0C:0A7B    _Hardware_WatchDog_init
  0C:0A82    _timer0_isr
  0C:0B15    _alarm
  0C:1084    _DATA_write1
  0C:109D    _lcdcreatechar
  0C:1217    _displayCustomChar
  0C:1237    _CUcustomCharacter
  0C:1413    _displayCustomCharMap
  0C:14E4    _dataout
  0C:1502    _Datain
  0C:151D    _CMD_write
  0C:1542    _DATA_write
  0C:155B    _lcdputch
  0C:157A    _lcdinit
  0C:15CD    _lcdputstr
  0C:1765    _lcdbusywait
  0C:176D    _lcdgotoaddr
  0C:178F    _lcdclear
  0C:1798    _lcdgotoxy
  0C:181D    _checkValidrow
  0C:1859    _checkValidcolumn
  0C:1895    _ramDump
  0C:1A8C    __sdcc_program_startup
  0C:1A91    __sdcc_external_startup
  0C:1AB1    _externalInterrupt
  0C:1B4B    _pcaInterrupt
  0C:1B83    _pcr_timer_init
  0C:1B96    _main
  0C:2113    _getchar
  0C:211D    _putchar
  0C:212F    _atoi
  0C:21D8    _binaryToInt
  0C:2257    _atoiHex
  0C:242B    _itostr
  0C:260A    _getstr
  0C:2690    _getbinarystr
  0C:2732    _putstr
  0C:27A2    _eepromUserfrndAddInput
  0C:287A    _eepromGotoxy
  0C:2ACC    _displayWelcomeI2C
  0C:2B92    _welcome_init
  0C:2BFE    _welcome_gotoaddr
  0C:2C10    _gotoaddr
  0C:2D17    _welcome_gotoxy
  0C:2D20    _gotoxy
  0C:3065    __gptrput
  0C:307E    _printf_tiny
  0C:3186    __mulint
  0C:31A6    __modsint
  0C:3214    __moduint
  0C:32C2    __divsint
  0C:333A    __divuint
  0C:33E2    _vprintf
  0C:3421    _printf
  0C:353A    __print_format
  0C:3C6D    _strlen
  0C:3CC0    __gptrget
  0C:3CDC    _islower

Hexadecimal

Area                               Addr   Size   Decimal Bytes (Attributes)
--------------------------------   ----   ----   ------- ----- ------------
CONST                              3CF9   17EF =   6127. bytes (REL,CON,CODE)

Hexadecimal

Area                               Addr   Size   Decimal Bytes (Attributes)
--------------------------------   ----   ----   ------- ----- ------------
XINIT                              54E8   000E =     14. bytes (REL,CON,CODE)
ASxxxx Linker V01.70 + NoICE + SDCC Feb 1999,  page 1.

Files Linked      [ module(s) ]

obj\Release\delay.rel
obj\Release\eepromreset.rel
obj\Release\I2C_Functions.rel
obj\Release\io_expander.rel
obj\Release\LCD_alarm.rel
obj\Release\LCD_Custom.rel
obj\Release\lcd_functions.rel
obj\Release\main.rel
obj\Release\putchar_getchar.rel
obj\Release\welcome_I2C.rel
obj\Release\wlecome_init.rel

Libraries Linked            [   object  file   ]

C:\Program Files (x86)\SDCC\bin\..\lib\large/mcs51.lib    [     crtclear.rel ]
C:\Program Files (x86)\SDCC\bin\..\lib\large/mcs51.lib    [     crtxinit.rel ]
C:\Program Files (x86)\SDCC\bin\..\lib\large/libsdcc.lib    [         _gptrput ]
C:\Program Files (x86)\SDCC\bin\..\lib\large/libsdcc.lib    [      printf_tiny ]
C:\Program Files (x86)\SDCC\bin\..\lib\large/libint.lib    [          _mulint ]
C:\Program Files (x86)\SDCC\bin\..\lib\large/libint.lib    [         _modsint ]
C:\Program Files (x86)\SDCC\bin\..\lib\large/libint.lib    [         _moduint ]
C:\Program Files (x86)\SDCC\bin\..\lib\large/libint.lib    [         _divsint ]
C:\Program Files (x86)\SDCC\bin\..\lib\large/mcs51.lib    [    crtxclear.rel ]
C:\Program Files (x86)\SDCC\bin\..\lib\large/libint.lib    [         _divuint ]
C:\Program Files (x86)\SDCC\bin\..\lib\large/libsdcc.lib    [              _bp ]
C:\Program Files (x86)\SDCC\bin\..\lib\large/libsdcc.lib    [          vprintf ]
C:\Program Files (x86)\SDCC\bin\..\lib\large/libsdcc.lib    [     printf_large ]
C:\Program Files (x86)\SDCC\bin\..\lib\large/mcs51.lib    [   crtpagesfr.rel ]
C:\Program Files (x86)\SDCC\bin\..\lib\large/libsdcc.lib    [          _strlen ]
C:\Program Files (x86)\SDCC\bin\..\lib\large/mcs51.lib    [     crtstart.rel ]
C:\Program Files (x86)\SDCC\bin\..\lib\large/libsdcc.lib    [         _gptrget ]
C:\Program Files (x86)\SDCC\bin\..\lib\large/libsdcc.lib    [         _islower ]

ASxxxx Linker V01.70 + NoICE + SDCC Feb 1999,  page 2.

User Base Address Definitions

HOME = 0x0000
XSEG = 0x0400
ISEG = 0x0080
BSEG = 0x0000

